
  .   ____          _            __ _ _
 /\\ / ___'_ __ _ _(_)_ __  __ _ \ \ \ \
( ( )\___ | '_ | '_| | '_ \/ _` | \ \ \ \
 \\/  ___)| |_)| | | | | || (_| |  ) ) ) )
  '  |____| .__|_| |_|_| |_\__, | / / / /
 =========|_|==============|___/=/_/_/_/

 :: Spring Boot ::                (v3.5.4)

2026-07-16T17:52:37.828+05:30  INFO 5360 --- [           main] com.healthcare.BackendApplication        : Starting BackendApplication v0.0.1-SNAPSHOT using Java 21.0.10 with PID 5360 (E:\Projects\healthcare-connector\backend\target\backend-0.0.1-SNAPSHOT.jar started by rishi in E:\Projects\healthcare-connector\backend)
2026-07-16T17:52:37.841+05:30  INFO 5360 --- [           main] com.healthcare.BackendApplication        : No active profile set, falling back to 1 default profile: "default"
2026-07-16T17:52:41.269+05:30  INFO 5360 --- [           main] .s.d.r.c.RepositoryConfigurationDelegate : Bootstrapping Spring Data JPA repositories in DEFAULT mode.
2026-07-16T17:52:41.768+05:30  INFO 5360 --- [           main] .s.d.r.c.RepositoryConfigurationDelegate : Finished Spring Data repository scanning in 430 ms. Found 7 JPA repository interfaces.
2026-07-16T17:52:43.557+05:30  INFO 5360 --- [           main] o.s.b.w.embedded.tomcat.TomcatWebServer  : Tomcat initialized with port 8080 (http)
2026-07-16T17:52:43.622+05:30  INFO 5360 --- [           main] o.apache.catalina.core.StandardService   : Starting service [Tomcat]
2026-07-16T17:52:43.623+05:30  INFO 5360 --- [           main] o.apache.catalina.core.StandardEngine    : Starting Servlet engine: [Apache Tomcat/10.1.43]
2026-07-16T17:52:43.740+05:30  INFO 5360 --- [           main] o.a.c.c.C.[Tomcat].[localhost].[/]       : Initializing Spring embedded WebApplicationContext
2026-07-16T17:52:43.753+05:30  INFO 5360 --- [           main] w.s.c.ServletWebServerApplicationContext : Root WebApplicationContext: initialization completed in 5788 ms
2026-07-16T17:52:44.225+05:30  INFO 5360 --- [           main] o.hibernate.jpa.internal.util.LogHelper  : HHH000204: Processing PersistenceUnitInfo [name: default]
2026-07-16T17:52:44.514+05:30  INFO 5360 --- [           main] org.hibernate.Version                    : HHH000412: Hibernate ORM core version 6.6.22.Final
2026-07-16T17:52:44.624+05:30  INFO 5360 --- [           main] o.h.c.internal.RegionFactoryInitiator    : HHH000026: Second-level cache disabled
2026-07-16T17:52:45.374+05:30  INFO 5360 --- [           main] o.s.o.j.p.SpringPersistenceUnitInfo      : No LoadTimeWeaver setup: ignoring JPA class transformer
2026-07-16T17:52:45.497+05:30  INFO 5360 --- [           main] com.zaxxer.hikari.HikariDataSource       : HikariPool-1 - Starting...
2026-07-16T17:52:46.104+05:30  INFO 5360 --- [           main] com.zaxxer.hikari.pool.HikariPool        : HikariPool-1 - Added connection org.postgresql.jdbc.PgConnection@71eff6a3
2026-07-16T17:52:46.118+05:30  INFO 5360 --- [           main] com.zaxxer.hikari.HikariDataSource       : HikariPool-1 - Start completed.
2026-07-16T17:52:46.295+05:30  INFO 5360 --- [           main] org.hibernate.orm.connections.pooling    : HHH10001005: Database info:
	Database JDBC URL [Connecting through datasource 'HikariDataSource (HikariPool-1)']
	Database driver: undefined/unknown
	Database version: 18.4
	Autocommit mode: undefined/unknown
	Isolation level: undefined/unknown
	Minimum pool size: undefined/unknown
	Maximum pool size: undefined/unknown
2026-07-16T17:52:49.199+05:30  INFO 5360 --- [           main] o.h.e.t.j.p.i.JtaPlatformInitiator       : HHH000489: No JTA platform available (set 'hibernate.transaction.jta.platform' to enable JTA platform integration)
2026-07-16T17:52:49.546+05:30  INFO 5360 --- [           main] j.LocalContainerEntityManagerFactoryBean : Initialized JPA EntityManagerFactory for persistence unit 'default'
2026-07-16T17:52:51.017+05:30  INFO 5360 --- [           main] o.s.d.j.r.query.QueryEnhancerFactory     : Hibernate is in classpath; If applicable, HQL parser will be used.
2026-07-16T17:52:52.312+05:30  INFO 5360 --- [           main] r$InitializeUserDetailsManagerConfigurer : Global AuthenticationManager configured with UserDetailsService bean with name customUserDetailsService
2026-07-16T17:52:52.473+05:30  INFO 5360 --- [           main] ca.uhn.fhir.util.VersionUtil             : HAPI FHIR version 7.2.1 - Rev 547c9320f1
2026-07-16T17:52:52.490+05:30  INFO 5360 --- [           main] ca.uhn.fhir.context.FhirContext          : Creating new FHIR context for FHIR version [R4]
2026-07-16T17:52:52.534+05:30  INFO 5360 --- [           main] ca.uhn.fhir.context.FhirContext          : Creating new FHIR context for FHIR version [R4]
2026-07-16T17:52:52.537+05:30  INFO 5360 --- [           main] ca.uhn.fhir.context.FhirContext          : Creating new FHIR context for FHIR version [R4]
2026-07-16T17:52:52.541+05:30  INFO 5360 --- [           main] ca.uhn.fhir.validation.FhirValidator     : Ph-schematron library not found on classpath, will not attempt to perform schematron validation
2026-07-16T17:52:52.544+05:30  INFO 5360 --- [           main] ca.uhn.fhir.context.FhirContext          : Creating new FHIR context for FHIR version [R4]
2026-07-16T17:52:52.725+05:30  INFO 5360 --- [           main] ca.uhn.fhir.context.FhirContext          : Creating new FHIR context for FHIR version [R4]
2026-07-16T17:52:53.077+05:30  INFO 5360 --- [           main] ca.uhn.fhir.context.FhirContext          : Creating new FHIR context for FHIR version [R4]
2026-07-16T17:52:53.448+05:30  WARN 5360 --- [           main] JpaBaseConfiguration$JpaWebConfiguration : spring.jpa.open-in-view is enabled by default. Therefore, database queries may be performed during view rendering. Explicitly configure spring.jpa.open-in-view to disable this warning
2026-07-16T17:52:56.075+05:30  WARN 5360 --- [           main] ConfigServletWebServerApplicationContext : Exception encountered during context initialization - cancelling refresh attempt: org.springframework.context.ApplicationContextException: Failed to start bean 'webServerStartStop'
2026-07-16T17:52:56.090+05:30  INFO 5360 --- [           main] j.LocalContainerEntityManagerFactoryBean : Closing JPA EntityManagerFactory for persistence unit 'default'
2026-07-16T17:52:56.097+05:30  INFO 5360 --- [           main] com.zaxxer.hikari.HikariDataSource       : HikariPool-1 - Shutdown initiated...
2026-07-16T17:52:56.104+05:30  INFO 5360 --- [           main] com.zaxxer.hikari.HikariDataSource       : HikariPool-1 - Shutdown completed.
2026-07-16T17:52:56.168+05:30  INFO 5360 --- [           main] .s.b.a.l.ConditionEvaluationReportLogger : 

Error starting ApplicationContext. To display the condition evaluation report re-run your application with 'debug' enabled.
2026-07-16T17:52:56.223+05:30 ERROR 5360 --- [           main] o.s.b.d.LoggingFailureAnalysisReporter   : 

***************************
APPLICATION FAILED TO START
***************************

Description:

Web server failed to start. Port 8080 was already in use.

Action:

Identify and stop the process that's listening on port 8080 or configure this application to listen on another port.

